// Jest Snapshot v1, https://goo.gl/fbAQLP

exports[`calcArea 1`] = `537021342724.8637`;

exports[`calcSimilarity 1`] = `-51`;

exports[`getBiggestPolygon 1`] = `
Object {
  "geometry": Object {
    "coordinates": Array [
      Array [
        Array [
          3.6725370367922907,
          55.29047320526871,
        ],
        Array [
          17.20158405695775,
          55.29047320526871,
        ],
        Array [
          17.20158405695775,
          46.81789095575502,
        ],
        Array [
          3.6725370367922907,
          46.81789095575502,
        ],
        Array [
          3.6725370367922907,
          55.29047320526871,
        ],
      ],
    ],
    "type": "Polygon",
  },
  "properties": Object {},
  "type": "Feature",
}
`;

exports[`lngLatToXy 1`] = `
Array [
  136.95693624736606,
  757.9356691862426,
]
`;

exports[`xyToLngLat 1`] = `
Array [
  3.6725370367922907,
  55.29047320526871,
]
`;
